// Jest Snapshot v1, https://goo.gl/fbAQLP

exports[`AMP top stories experiment getExperimentAnalyticsConfig() should create the analytics config with the correct parameters for news on live 1`] = `
{
  "requests": {
    "topStoriesArticleBodyClick": "http://foobar.com?idclient=123-456-789&s=$IF($EQUALS($MATCH(\${ampGeo}, gbOrUnknown, 0), gbOrUnknown), 598285, 598287)&s2=64&p=SOURCE_URL&r=\${screenWidth}x\${screenHeight}x\${screenColorDepth}&re=\${availableScreenWidth}x\${availableScreenHeight}&hl=\${timestamp}&lng=\${browserLanguage}&atc=PUB-[article]-[top-stories-promo]-[VARIANT(topStoriesExperiment)]-[]-[SOURCE_URL]-[articleBody]-[]-[]&mv_test=Google Discover&mv_experiment_id=topStoriesExperiment&mv_creation=VARIANT(topStoriesExperiment)&type=AT",
    "topStoriesArticleBodyView": "http://foobar.com?idclient=123-456-789&s=$IF($EQUALS($MATCH(\${ampGeo}, gbOrUnknown, 0), gbOrUnknown), 598285, 598287)&s2=64&p=SOURCE_URL&r=\${screenWidth}x\${screenHeight}x\${screenColorDepth}&re=\${availableScreenWidth}x\${availableScreenHeight}&hl=\${timestamp}&lng=\${browserLanguage}&ati=PUB-[article]-[top-stories-section]-[VARIANT(topStoriesExperiment)]-[]-[SOURCE_URL]-[articleBody]-[]-[]&mv_test=Google Discover&mv_experiment_id=topStoriesExperiment&mv_creation=VARIANT(topStoriesExperiment)&type=AT",
    "topStoriesSecondaryColumnClick": "http://foobar.com?idclient=123-456-789&s=$IF($EQUALS($MATCH(\${ampGeo}, gbOrUnknown, 0), gbOrUnknown), 598285, 598287)&s2=64&p=SOURCE_URL&r=\${screenWidth}x\${screenHeight}x\${screenColorDepth}&re=\${availableScreenWidth}x\${availableScreenHeight}&hl=\${timestamp}&lng=\${browserLanguage}&atc=PUB-[article]-[top-stories-promo]-[VARIANT(topStoriesExperiment)]-[]-[SOURCE_URL]-[secondaryColumn]-[]-[]&mv_test=Google Discover&mv_experiment_id=topStoriesExperiment&mv_creation=VARIANT(topStoriesExperiment)&type=AT",
    "topStoriesSecondaryColumnView": "http://foobar.com?idclient=123-456-789&s=$IF($EQUALS($MATCH(\${ampGeo}, gbOrUnknown, 0), gbOrUnknown), 598285, 598287)&s2=64&p=SOURCE_URL&r=\${screenWidth}x\${screenHeight}x\${screenColorDepth}&re=\${availableScreenWidth}x\${availableScreenHeight}&hl=\${timestamp}&lng=\${browserLanguage}&ati=PUB-[article]-[top-stories-section]-[VARIANT(topStoriesExperiment)]-[]-[SOURCE_URL]-[secondaryColumn]-[]-[]&mv_test=Google Discover&mv_experiment_id=topStoriesExperiment&mv_creation=VARIANT(topStoriesExperiment)&type=AT",
  },
  "triggers": {
    "articleBodyHalfPromoClick": {
      "on": "click",
      "request": "topStoriesArticleBodyClick",
      "selector": "div[data-experiment-position='articleBodyHalf'] a[aria-labelledby*='top-stories-promo']",
    },
    "articleBodyHalfView": {
      "on": "visible",
      "request": "topStoriesArticleBodyView",
      "visibilitySpec": {
        "continuousTimeMin": 200,
        "selector": "div[data-experiment-position='articleBodyHalf'] > section[aria-labelledby='top-stories-heading']",
        "totalTimeMin": 500,
        "visiblePercentageMin": 20,
      },
    },
    "articleBodyQuarterPromoClick": {
      "on": "click",
      "request": "topStoriesArticleBodyClick",
      "selector": "div[data-experiment-position='articleBodyQuarter'] a[aria-labelledby*='top-stories-promo']",
    },
    "articleBodyQuarterView": {
      "on": "visible",
      "request": "topStoriesArticleBodyView",
      "visibilitySpec": {
        "continuousTimeMin": 200,
        "selector": "div[data-experiment-position='articleBodyQuarter'] > section[aria-labelledby='top-stories-heading']",
        "totalTimeMin": 500,
        "visiblePercentageMin": 20,
      },
    },
    "articleBodyThreeQuartersPromoClick": {
      "on": "click",
      "request": "topStoriesArticleBodyClick",
      "selector": "div[data-experiment-position='articleBodyThreeQuarters'] a[aria-labelledby*='top-stories-promo']",
    },
    "articleBodyThreeQuartersView": {
      "on": "visible",
      "request": "topStoriesArticleBodyView",
      "visibilitySpec": {
        "continuousTimeMin": 200,
        "selector": "div[data-experiment-position='articleBodyThreeQuarters'] > section[aria-labelledby='top-stories-heading']",
        "totalTimeMin": 500,
        "visiblePercentageMin": 20,
      },
    },
    "secondaryColumnPromoClick": {
      "on": "click",
      "request": "topStoriesSecondaryColumnClick",
      "selector": "div[data-experiment-position='secondaryColumn'] a[aria-labelledby*='top-stories-promo']",
    },
    "secondaryColumnView": {
      "on": "visible",
      "request": "topStoriesSecondaryColumnView",
      "visibilitySpec": {
        "continuousTimeMin": 200,
        "selector": "div[data-experiment-position='secondaryColumn'] > section[aria-labelledby='top-stories-heading']",
        "totalTimeMin": 500,
        "visiblePercentageMin": 20,
      },
    },
  },
}
`;

exports[`AMP top stories experiment getExperimentAnalyticsConfig() should create the analytics config with the correct parameters for news on test 1`] = `
{
  "requests": {
    "topStoriesArticleBodyClick": "http://foobar.com?idclient=123-456-789&s=$IF($EQUALS($MATCH(\${ampGeo}, gbOrUnknown, 0), gbOrUnknown), 598286, 598288)&s2=64&p=SOURCE_URL&r=\${screenWidth}x\${screenHeight}x\${screenColorDepth}&re=\${availableScreenWidth}x\${availableScreenHeight}&hl=\${timestamp}&lng=\${browserLanguage}&atc=PUB-[article]-[top-stories-promo]-[VARIANT(topStoriesExperiment)]-[]-[SOURCE_URL]-[articleBody]-[]-[]&mv_test=Google Discover&mv_experiment_id=topStoriesExperiment&mv_creation=VARIANT(topStoriesExperiment)&type=AT",
    "topStoriesArticleBodyView": "http://foobar.com?idclient=123-456-789&s=$IF($EQUALS($MATCH(\${ampGeo}, gbOrUnknown, 0), gbOrUnknown), 598286, 598288)&s2=64&p=SOURCE_URL&r=\${screenWidth}x\${screenHeight}x\${screenColorDepth}&re=\${availableScreenWidth}x\${availableScreenHeight}&hl=\${timestamp}&lng=\${browserLanguage}&ati=PUB-[article]-[top-stories-section]-[VARIANT(topStoriesExperiment)]-[]-[SOURCE_URL]-[articleBody]-[]-[]&mv_test=Google Discover&mv_experiment_id=topStoriesExperiment&mv_creation=VARIANT(topStoriesExperiment)&type=AT",
    "topStoriesSecondaryColumnClick": "http://foobar.com?idclient=123-456-789&s=$IF($EQUALS($MATCH(\${ampGeo}, gbOrUnknown, 0), gbOrUnknown), 598286, 598288)&s2=64&p=SOURCE_URL&r=\${screenWidth}x\${screenHeight}x\${screenColorDepth}&re=\${availableScreenWidth}x\${availableScreenHeight}&hl=\${timestamp}&lng=\${browserLanguage}&atc=PUB-[article]-[top-stories-promo]-[VARIANT(topStoriesExperiment)]-[]-[SOURCE_URL]-[secondaryColumn]-[]-[]&mv_test=Google Discover&mv_experiment_id=topStoriesExperiment&mv_creation=VARIANT(topStoriesExperiment)&type=AT",
    "topStoriesSecondaryColumnView": "http://foobar.com?idclient=123-456-789&s=$IF($EQUALS($MATCH(\${ampGeo}, gbOrUnknown, 0), gbOrUnknown), 598286, 598288)&s2=64&p=SOURCE_URL&r=\${screenWidth}x\${screenHeight}x\${screenColorDepth}&re=\${availableScreenWidth}x\${availableScreenHeight}&hl=\${timestamp}&lng=\${browserLanguage}&ati=PUB-[article]-[top-stories-section]-[VARIANT(topStoriesExperiment)]-[]-[SOURCE_URL]-[secondaryColumn]-[]-[]&mv_test=Google Discover&mv_experiment_id=topStoriesExperiment&mv_creation=VARIANT(topStoriesExperiment)&type=AT",
  },
  "triggers": {
    "articleBodyHalfPromoClick": {
      "on": "click",
      "request": "topStoriesArticleBodyClick",
      "selector": "div[data-experiment-position='articleBodyHalf'] a[aria-labelledby*='top-stories-promo']",
    },
    "articleBodyHalfView": {
      "on": "visible",
      "request": "topStoriesArticleBodyView",
      "visibilitySpec": {
        "continuousTimeMin": 200,
        "selector": "div[data-experiment-position='articleBodyHalf'] > section[aria-labelledby='top-stories-heading']",
        "totalTimeMin": 500,
        "visiblePercentageMin": 20,
      },
    },
    "articleBodyQuarterPromoClick": {
      "on": "click",
      "request": "topStoriesArticleBodyClick",
      "selector": "div[data-experiment-position='articleBodyQuarter'] a[aria-labelledby*='top-stories-promo']",
    },
    "articleBodyQuarterView": {
      "on": "visible",
      "request": "topStoriesArticleBodyView",
      "visibilitySpec": {
        "continuousTimeMin": 200,
        "selector": "div[data-experiment-position='articleBodyQuarter'] > section[aria-labelledby='top-stories-heading']",
        "totalTimeMin": 500,
        "visiblePercentageMin": 20,
      },
    },
    "articleBodyThreeQuartersPromoClick": {
      "on": "click",
      "request": "topStoriesArticleBodyClick",
      "selector": "div[data-experiment-position='articleBodyThreeQuarters'] a[aria-labelledby*='top-stories-promo']",
    },
    "articleBodyThreeQuartersView": {
      "on": "visible",
      "request": "topStoriesArticleBodyView",
      "visibilitySpec": {
        "continuousTimeMin": 200,
        "selector": "div[data-experiment-position='articleBodyThreeQuarters'] > section[aria-labelledby='top-stories-heading']",
        "totalTimeMin": 500,
        "visiblePercentageMin": 20,
      },
    },
    "secondaryColumnPromoClick": {
      "on": "click",
      "request": "topStoriesSecondaryColumnClick",
      "selector": "div[data-experiment-position='secondaryColumn'] a[aria-labelledby*='top-stories-promo']",
    },
    "secondaryColumnView": {
      "on": "visible",
      "request": "topStoriesSecondaryColumnView",
      "visibilitySpec": {
        "continuousTimeMin": 200,
        "selector": "div[data-experiment-position='secondaryColumn'] > section[aria-labelledby='top-stories-heading']",
        "totalTimeMin": 500,
        "visiblePercentageMin": 20,
      },
    },
  },
}
`;

exports[`AMP top stories experiment getExperimentAnalyticsConfig() should create the analytics config with the correct parameters for sport on live 1`] = `
{
  "requests": {
    "topStoriesArticleBodyClick": "http://foobar.com?idclient=123-456-789&s=$IF($EQUALS($MATCH(\${ampGeo}, gbOrUnknown, 0), gbOrUnknown), 598310, 598308)&s2=85&p=SOURCE_URL&r=\${screenWidth}x\${screenHeight}x\${screenColorDepth}&re=\${availableScreenWidth}x\${availableScreenHeight}&hl=\${timestamp}&lng=\${browserLanguage}&atc=PUB-[article]-[top-stories-promo]-[VARIANT(topStoriesExperiment)]-[]-[SOURCE_URL]-[articleBody]-[]-[]&mv_test=Google Discover&mv_experiment_id=topStoriesExperiment&mv_creation=VARIANT(topStoriesExperiment)&type=AT",
    "topStoriesArticleBodyView": "http://foobar.com?idclient=123-456-789&s=$IF($EQUALS($MATCH(\${ampGeo}, gbOrUnknown, 0), gbOrUnknown), 598310, 598308)&s2=85&p=SOURCE_URL&r=\${screenWidth}x\${screenHeight}x\${screenColorDepth}&re=\${availableScreenWidth}x\${availableScreenHeight}&hl=\${timestamp}&lng=\${browserLanguage}&ati=PUB-[article]-[top-stories-section]-[VARIANT(topStoriesExperiment)]-[]-[SOURCE_URL]-[articleBody]-[]-[]&mv_test=Google Discover&mv_experiment_id=topStoriesExperiment&mv_creation=VARIANT(topStoriesExperiment)&type=AT",
    "topStoriesSecondaryColumnClick": "http://foobar.com?idclient=123-456-789&s=$IF($EQUALS($MATCH(\${ampGeo}, gbOrUnknown, 0), gbOrUnknown), 598310, 598308)&s2=85&p=SOURCE_URL&r=\${screenWidth}x\${screenHeight}x\${screenColorDepth}&re=\${availableScreenWidth}x\${availableScreenHeight}&hl=\${timestamp}&lng=\${browserLanguage}&atc=PUB-[article]-[top-stories-promo]-[VARIANT(topStoriesExperiment)]-[]-[SOURCE_URL]-[secondaryColumn]-[]-[]&mv_test=Google Discover&mv_experiment_id=topStoriesExperiment&mv_creation=VARIANT(topStoriesExperiment)&type=AT",
    "topStoriesSecondaryColumnView": "http://foobar.com?idclient=123-456-789&s=$IF($EQUALS($MATCH(\${ampGeo}, gbOrUnknown, 0), gbOrUnknown), 598310, 598308)&s2=85&p=SOURCE_URL&r=\${screenWidth}x\${screenHeight}x\${screenColorDepth}&re=\${availableScreenWidth}x\${availableScreenHeight}&hl=\${timestamp}&lng=\${browserLanguage}&ati=PUB-[article]-[top-stories-section]-[VARIANT(topStoriesExperiment)]-[]-[SOURCE_URL]-[secondaryColumn]-[]-[]&mv_test=Google Discover&mv_experiment_id=topStoriesExperiment&mv_creation=VARIANT(topStoriesExperiment)&type=AT",
  },
  "triggers": {
    "articleBodyHalfPromoClick": {
      "on": "click",
      "request": "topStoriesArticleBodyClick",
      "selector": "div[data-experiment-position='articleBodyHalf'] a[aria-labelledby*='top-stories-promo']",
    },
    "articleBodyHalfView": {
      "on": "visible",
      "request": "topStoriesArticleBodyView",
      "visibilitySpec": {
        "continuousTimeMin": 200,
        "selector": "div[data-experiment-position='articleBodyHalf'] > section[aria-labelledby='top-stories-heading']",
        "totalTimeMin": 500,
        "visiblePercentageMin": 20,
      },
    },
    "articleBodyQuarterPromoClick": {
      "on": "click",
      "request": "topStoriesArticleBodyClick",
      "selector": "div[data-experiment-position='articleBodyQuarter'] a[aria-labelledby*='top-stories-promo']",
    },
    "articleBodyQuarterView": {
      "on": "visible",
      "request": "topStoriesArticleBodyView",
      "visibilitySpec": {
        "continuousTimeMin": 200,
        "selector": "div[data-experiment-position='articleBodyQuarter'] > section[aria-labelledby='top-stories-heading']",
        "totalTimeMin": 500,
        "visiblePercentageMin": 20,
      },
    },
    "articleBodyThreeQuartersPromoClick": {
      "on": "click",
      "request": "topStoriesArticleBodyClick",
      "selector": "div[data-experiment-position='articleBodyThreeQuarters'] a[aria-labelledby*='top-stories-promo']",
    },
    "articleBodyThreeQuartersView": {
      "on": "visible",
      "request": "topStoriesArticleBodyView",
      "visibilitySpec": {
        "continuousTimeMin": 200,
        "selector": "div[data-experiment-position='articleBodyThreeQuarters'] > section[aria-labelledby='top-stories-heading']",
        "totalTimeMin": 500,
        "visiblePercentageMin": 20,
      },
    },
    "secondaryColumnPromoClick": {
      "on": "click",
      "request": "topStoriesSecondaryColumnClick",
      "selector": "div[data-experiment-position='secondaryColumn'] a[aria-labelledby*='top-stories-promo']",
    },
    "secondaryColumnView": {
      "on": "visible",
      "request": "topStoriesSecondaryColumnView",
      "visibilitySpec": {
        "continuousTimeMin": 200,
        "selector": "div[data-experiment-position='secondaryColumn'] > section[aria-labelledby='top-stories-heading']",
        "totalTimeMin": 500,
        "visiblePercentageMin": 20,
      },
    },
  },
}
`;

exports[`AMP top stories experiment getExperimentAnalyticsConfig() should create the analytics config with the correct parameters for sport on test 1`] = `
{
  "requests": {
    "topStoriesArticleBodyClick": "http://foobar.com?idclient=123-456-789&s=$IF($EQUALS($MATCH(\${ampGeo}, gbOrUnknown, 0), gbOrUnknown), 598311, 598309)&s2=85&p=SOURCE_URL&r=\${screenWidth}x\${screenHeight}x\${screenColorDepth}&re=\${availableScreenWidth}x\${availableScreenHeight}&hl=\${timestamp}&lng=\${browserLanguage}&atc=PUB-[article]-[top-stories-promo]-[VARIANT(topStoriesExperiment)]-[]-[SOURCE_URL]-[articleBody]-[]-[]&mv_test=Google Discover&mv_experiment_id=topStoriesExperiment&mv_creation=VARIANT(topStoriesExperiment)&type=AT",
    "topStoriesArticleBodyView": "http://foobar.com?idclient=123-456-789&s=$IF($EQUALS($MATCH(\${ampGeo}, gbOrUnknown, 0), gbOrUnknown), 598311, 598309)&s2=85&p=SOURCE_URL&r=\${screenWidth}x\${screenHeight}x\${screenColorDepth}&re=\${availableScreenWidth}x\${availableScreenHeight}&hl=\${timestamp}&lng=\${browserLanguage}&ati=PUB-[article]-[top-stories-section]-[VARIANT(topStoriesExperiment)]-[]-[SOURCE_URL]-[articleBody]-[]-[]&mv_test=Google Discover&mv_experiment_id=topStoriesExperiment&mv_creation=VARIANT(topStoriesExperiment)&type=AT",
    "topStoriesSecondaryColumnClick": "http://foobar.com?idclient=123-456-789&s=$IF($EQUALS($MATCH(\${ampGeo}, gbOrUnknown, 0), gbOrUnknown), 598311, 598309)&s2=85&p=SOURCE_URL&r=\${screenWidth}x\${screenHeight}x\${screenColorDepth}&re=\${availableScreenWidth}x\${availableScreenHeight}&hl=\${timestamp}&lng=\${browserLanguage}&atc=PUB-[article]-[top-stories-promo]-[VARIANT(topStoriesExperiment)]-[]-[SOURCE_URL]-[secondaryColumn]-[]-[]&mv_test=Google Discover&mv_experiment_id=topStoriesExperiment&mv_creation=VARIANT(topStoriesExperiment)&type=AT",
    "topStoriesSecondaryColumnView": "http://foobar.com?idclient=123-456-789&s=$IF($EQUALS($MATCH(\${ampGeo}, gbOrUnknown, 0), gbOrUnknown), 598311, 598309)&s2=85&p=SOURCE_URL&r=\${screenWidth}x\${screenHeight}x\${screenColorDepth}&re=\${availableScreenWidth}x\${availableScreenHeight}&hl=\${timestamp}&lng=\${browserLanguage}&ati=PUB-[article]-[top-stories-section]-[VARIANT(topStoriesExperiment)]-[]-[SOURCE_URL]-[secondaryColumn]-[]-[]&mv_test=Google Discover&mv_experiment_id=topStoriesExperiment&mv_creation=VARIANT(topStoriesExperiment)&type=AT",
  },
  "triggers": {
    "articleBodyHalfPromoClick": {
      "on": "click",
      "request": "topStoriesArticleBodyClick",
      "selector": "div[data-experiment-position='articleBodyHalf'] a[aria-labelledby*='top-stories-promo']",
    },
    "articleBodyHalfView": {
      "on": "visible",
      "request": "topStoriesArticleBodyView",
      "visibilitySpec": {
        "continuousTimeMin": 200,
        "selector": "div[data-experiment-position='articleBodyHalf'] > section[aria-labelledby='top-stories-heading']",
        "totalTimeMin": 500,
        "visiblePercentageMin": 20,
      },
    },
    "articleBodyQuarterPromoClick": {
      "on": "click",
      "request": "topStoriesArticleBodyClick",
      "selector": "div[data-experiment-position='articleBodyQuarter'] a[aria-labelledby*='top-stories-promo']",
    },
    "articleBodyQuarterView": {
      "on": "visible",
      "request": "topStoriesArticleBodyView",
      "visibilitySpec": {
        "continuousTimeMin": 200,
        "selector": "div[data-experiment-position='articleBodyQuarter'] > section[aria-labelledby='top-stories-heading']",
        "totalTimeMin": 500,
        "visiblePercentageMin": 20,
      },
    },
    "articleBodyThreeQuartersPromoClick": {
      "on": "click",
      "request": "topStoriesArticleBodyClick",
      "selector": "div[data-experiment-position='articleBodyThreeQuarters'] a[aria-labelledby*='top-stories-promo']",
    },
    "articleBodyThreeQuartersView": {
      "on": "visible",
      "request": "topStoriesArticleBodyView",
      "visibilitySpec": {
        "continuousTimeMin": 200,
        "selector": "div[data-experiment-position='articleBodyThreeQuarters'] > section[aria-labelledby='top-stories-heading']",
        "totalTimeMin": 500,
        "visiblePercentageMin": 20,
      },
    },
    "secondaryColumnPromoClick": {
      "on": "click",
      "request": "topStoriesSecondaryColumnClick",
      "selector": "div[data-experiment-position='secondaryColumn'] a[aria-labelledby*='top-stories-promo']",
    },
    "secondaryColumnView": {
      "on": "visible",
      "request": "topStoriesSecondaryColumnView",
      "visibilitySpec": {
        "continuousTimeMin": 200,
        "selector": "div[data-experiment-position='secondaryColumn'] > section[aria-labelledby='top-stories-heading']",
        "totalTimeMin": 500,
        "visiblePercentageMin": 20,
      },
    },
  },
}
`;
